============================= test session starts ==============================
platform linux -- Python 3.12.3, pytest-9.1.1, pluggy-1.6.0 -- /tmp/rick-intelligence-api-test-env/bin/python3
rootdir: /home/ricardo/rick-intelligence
plugins: asyncio-1.4.0, anyio-4.15.0
asyncio: mode=Mode.STRICT, debug=False, asyncio_default_fixture_loop_scope=None, asyncio_default_test_loop_scope=function
collecting ... collected 108 items

infrastructure/scripts/tests/test_migrate.py::test_apply_records_only_after_all_sql_and_rejects_checksum_drift PASSED [  0%]
infrastructure/scripts/tests/test_migrate.py::test_history_divergence_fails_closed[history0-unknown version] PASSED [  1%]
infrastructure/scripts/tests/test_migrate.py::test_history_divergence_fails_closed[history1-gap] PASSED [  2%]
infrastructure/scripts/tests/test_migrate.py::test_history_divergence_fails_closed[history2-application mismatch] PASSED [  3%]
infrastructure/scripts/tests/test_migrate.py::test_apply_exception_rolls_back_and_does_not_append_history PASSED [  4%]
infrastructure/scripts/tests/test_migrate.py::test_supported_history_paths_preserve_recorded_checksums[empty] PASSED [  5%]
infrastructure/scripts/tests/test_migrate.py::test_supported_history_paths_preserve_recorded_checksums[pre0005] PASSED [  6%]
infrastructure/scripts/tests/test_migrate.py::test_supported_history_paths_preserve_recorded_checksums[applied-old] PASSED [  7%]
infrastructure/scripts/tests/test_migrate.py::test_supported_history_paths_preserve_recorded_checksums[current] PASSED [  8%]
infrastructure/scripts/tests/test_migrate.py::test_compatibility_does_not_accept_other_artifacts[version] PASSED [  9%]
infrastructure/scripts/tests/test_migrate.py::test_compatibility_does_not_accept_other_artifacts[filename] PASSED [ 10%]
infrastructure/scripts/tests/test_migrate.py::test_compatibility_does_not_accept_other_artifacts[local] PASSED [ 11%]
infrastructure/scripts/tests/test_migrate.py::test_compatibility_does_not_accept_other_artifacts[recorded] PASSED [ 12%]
infrastructure/scripts/tests/test_migrate.py::test_malformed_or_duplicate_history_is_rejected[history0] PASSED [ 12%]
infrastructure/scripts/tests/test_migrate.py::test_malformed_or_duplicate_history_is_rejected[history1] PASSED [ 13%]
infrastructure/scripts/tests/test_migrate.py::test_malformed_or_duplicate_history_is_rejected[history2] PASSED [ 14%]
infrastructure/scripts/tests/test_migrate.py::test_malformed_or_duplicate_history_is_rejected[history3] PASSED [ 15%]
infrastructure/scripts/tests/test_migrate.py::test_legacy_compatibility_does_not_mask_other_checksum_drift PASSED [ 16%]
infrastructure/scripts/tests/test_migrate.py::test_offline_validators_reject_invalid_sources[missing-migrate.py] PASSED [ 17%]
infrastructure/scripts/tests/test_migrate.py::test_offline_validators_reject_invalid_sources[missing-check-migration-order.py] PASSED [ 18%]
infrastructure/scripts/tests/test_migrate.py::test_offline_validators_reject_invalid_sources[empty-migrate.py] PASSED [ 19%]
infrastructure/scripts/tests/test_migrate.py::test_offline_validators_reject_invalid_sources[empty-check-migration-order.py] PASSED [ 20%]
infrastructure/scripts/tests/test_migrate.py::test_offline_validators_reject_invalid_sources[gap-migrate.py] PASSED [ 21%]
infrastructure/scripts/tests/test_migrate.py::test_offline_validators_reject_invalid_sources[gap-check-migration-order.py] PASSED [ 22%]
infrastructure/scripts/tests/test_migrate.py::test_offline_validators_reject_invalid_sources[duplicate-migrate.py] PASSED [ 23%]
infrastructure/scripts/tests/test_migrate.py::test_offline_validators_reject_invalid_sources[duplicate-check-migration-order.py] PASSED [ 24%]
infrastructure/scripts/tests/test_migrate.py::test_offline_validators_reject_invalid_sources[filename-migrate.py] PASSED [ 25%]
infrastructure/scripts/tests/test_migrate.py::test_offline_validators_reject_invalid_sources[filename-check-migration-order.py] PASSED [ 25%]
infrastructure/scripts/tests/test_migrate.py::test_offline_validators_reject_invalid_sources[tampered0005-migrate.py] PASSED [ 26%]
infrastructure/scripts/tests/test_migrate.py::test_offline_validators_reject_invalid_sources[tampered0005-check-migration-order.py] PASSED [ 27%]
infrastructure/scripts/tests/test_migrate.py::test_offline_validators_reject_invalid_sources[renamed0005-migrate.py] PASSED [ 28%]
infrastructure/scripts/tests/test_migrate.py::test_offline_validators_reject_invalid_sources[renamed0005-check-migration-order.py] PASSED [ 29%]
infrastructure/scripts/tests/test_migrate.py::test_execution_uses_checked_bytes_and_rejects_discovery_race PASSED [ 30%]
infrastructure/scripts/tests/test_migrate.py::test_failed_transaction_does_not_report_applied_or_pass PASSED [ 31%]
infrastructure/scripts/tests/test_migrate.py::test_database_error_redacts_driver_diagnostics PASSED [ 32%]
infrastructure/scripts/tests/test_migrate.py::test_historical_fixture_matches_inspected_git_blob PASSED [ 33%]
infrastructure/scripts/tests/test_migrate.py::test_historical0004_fixture_and_decision_match_git_provenance PASSED [ 34%]
infrastructure/scripts/tests/test_migrate.py::test_offline_historical0004_support_requires_pinned_artifacts[missing-repair-migrate.py] PASSED [ 35%]
infrastructure/scripts/tests/test_migrate.py::test_offline_historical0004_support_requires_pinned_artifacts[missing-repair-check-migration-order.py] PASSED [ 36%]
infrastructure/scripts/tests/test_migrate.py::test_offline_historical0004_support_requires_pinned_artifacts[tampered-repair-migrate.py] PASSED [ 37%]
infrastructure/scripts/tests/test_migrate.py::test_offline_historical0004_support_requires_pinned_artifacts[tampered-repair-check-migration-order.py] PASSED [ 37%]
infrastructure/scripts/tests/test_migrate.py::test_offline_historical0004_support_requires_pinned_artifacts[tampered0004-migrate.py] PASSED [ 38%]
infrastructure/scripts/tests/test_migrate.py::test_offline_historical0004_support_requires_pinned_artifacts[tampered0004-check-migration-order.py] PASSED [ 39%]
infrastructure/scripts/tests/test_migrate.py::test_offline_historical0004_support_requires_pinned_artifacts[renamed0004-migrate.py] PASSED [ 40%]
infrastructure/scripts/tests/test_migrate.py::test_offline_historical0004_support_requires_pinned_artifacts[renamed0004-check-migration-order.py] PASSED [ 41%]
infrastructure/scripts/tests/test_migrate.py::test_postgres_empty_install_and_repeat PASSED [ 42%]
infrastructure/scripts/tests/test_migrate.py::test_postgres_pre0005_preserves_data_attempts_projections_and_permissions PASSED [ 43%]
infrastructure/scripts/tests/test_migrate.py::test_postgres_already_applied_old0005_retains_its_real_checksum[False] PASSED [ 44%]
infrastructure/scripts/tests/test_migrate.py::test_postgres_already_applied_old0005_retains_its_real_checksum[True] PASSED [ 45%]
infrastructure/scripts/tests/test_migrate.py::test_postgres_old0005_reproduces_failure_with_legacy_rows PASSED [ 46%]
infrastructure/scripts/tests/test_migrate.py::test_postgres_current_install_is_unchanged_on_restart PASSED [ 47%]
infrastructure/scripts/tests/test_migrate.py::test_postgres_corrupt_history_never_reaches_pending_sql[unknown-version-False] PASSED [ 48%]
infrastructure/scripts/tests/test_migrate.py::test_postgres_corrupt_history_never_reaches_pending_sql[unknown-version-True] PASSED [ 49%]
infrastructure/scripts/tests/test_migrate.py::test_postgres_corrupt_history_never_reaches_pending_sql[gap-False] PASSED [ 50%]
infrastructure/scripts/tests/test_migrate.py::test_postgres_corrupt_history_never_reaches_pending_sql[gap-True] PASSED [ 50%]
infrastructure/scripts/tests/test_migrate.py::test_postgres_corrupt_history_never_reaches_pending_sql[checksum0005-False] PASSED [ 51%]
infrastructure/scripts/tests/test_migrate.py::test_postgres_corrupt_history_never_reaches_pending_sql[checksum0005-True] PASSED [ 52%]
infrastructure/scripts/tests/test_migrate.py::test_postgres_corrupt_history_never_reaches_pending_sql[checksum0004-False] PASSED [ 53%]
infrastructure/scripts/tests/test_migrate.py::test_postgres_corrupt_history_never_reaches_pending_sql[checksum0004-True] PASSED [ 54%]
infrastructure/scripts/tests/test_migrate.py::test_postgres_corrupt_history_never_reaches_pending_sql[application-False] PASSED [ 55%]
infrastructure/scripts/tests/test_migrate.py::test_postgres_corrupt_history_never_reaches_pending_sql[application-True] PASSED [ 56%]
infrastructure/scripts/tests/test_migrate.py::test_postgres_existing_schema_without_history_is_not_adopted[missing] PASSED [ 57%]
infrastructure/scripts/tests/test_migrate.py::test_postgres_existing_schema_without_history_is_not_adopted[empty] PASSED [ 58%]
infrastructure/scripts/tests/test_migrate.py::test_postgres_recorded0005_requires_complete_canonical_state[disabled-guard-False] PASSED [ 59%]
infrastructure/scripts/tests/test_migrate.py::test_postgres_recorded0005_requires_complete_canonical_state[disabled-guard-True] PASSED [ 60%]
infrastructure/scripts/tests/test_migrate.py::test_postgres_recorded0005_requires_complete_canonical_state[legacy-row-False] PASSED [ 61%]
infrastructure/scripts/tests/test_migrate.py::test_postgres_recorded0005_requires_complete_canonical_state[legacy-row-True] PASSED [ 62%]
infrastructure/scripts/tests/test_migrate.py::test_postgres_recorded0005_requires_complete_canonical_state[attempt-count-False] PASSED [ 62%]
infrastructure/scripts/tests/test_migrate.py::test_postgres_recorded0005_requires_complete_canonical_state[attempt-count-True] PASSED [ 63%]
infrastructure/scripts/tests/test_migrate.py::test_postgres_recorded0005_rejects_changed_trigger_contract[noop-canonical-guard] PASSED [ 64%]
infrastructure/scripts/tests/test_migrate.py::test_postgres_recorded0005_rejects_changed_trigger_contract[noop-attempt-update] PASSED [ 65%]
infrastructure/scripts/tests/test_migrate.py::test_postgres_recorded0005_rejects_changed_trigger_contract[noop-attempt-delete] PASSED [ 66%]
infrastructure/scripts/tests/test_migrate.py::test_postgres_recorded0005_rejects_changed_trigger_contract[noop-attempt-count] PASSED [ 67%]
infrastructure/scripts/tests/test_migrate.py::test_postgres_recorded0005_rejects_changed_trigger_contract[wrong-binding] PASSED [ 68%]
infrastructure/scripts/tests/test_migrate.py::test_postgres_partial_legacy_attempts_are_not_silently_merged PASSED [ 69%]
infrastructure/scripts/tests/test_migrate.py::test_postgres_corrected_expressions_preserve_payload_bounds[payload0-True] PASSED [ 70%]
infrastructure/scripts/tests/test_migrate.py::test_postgres_corrected_expressions_preserve_payload_bounds[payload1-False] PASSED [ 71%]
infrastructure/scripts/tests/test_migrate.py::test_postgres_corrected_expressions_preserve_payload_bounds[payload2-True] PASSED [ 72%]
infrastructure/scripts/tests/test_migrate.py::test_postgres_corrected_expressions_preserve_payload_bounds[payload3-False] PASSED [ 73%]
infrastructure/scripts/tests/test_migrate.py::test_postgres_corrected_expressions_preserve_payload_bounds[payload4-False] PASSED [ 74%]
infrastructure/scripts/tests/test_migrate.py::test_postgres_corrected_expressions_preserve_payload_bounds[payload5-False] PASSED [ 75%]
infrastructure/scripts/tests/test_migrate.py::test_postgres_corrected_expressions_preserve_payload_bounds[payload6-False] PASSED [ 75%]
infrastructure/scripts/tests/test_migrate.py::test_postgres_corrected_expressions_preserve_payload_bounds[payload7-False] PASSED [ 76%]
infrastructure/scripts/tests/test_migrate.py::test_postgres_corrected_expressions_preserve_result_bounds[refs0-True] PASSED [ 77%]
infrastructure/scripts/tests/test_migrate.py::test_postgres_corrected_expressions_preserve_result_bounds[refs1-False] PASSED [ 78%]
infrastructure/scripts/tests/test_migrate.py::test_postgres_corrected_expressions_preserve_result_bounds[refs2-True] PASSED [ 79%]
infrastructure/scripts/tests/test_migrate.py::test_postgres_corrected_expressions_preserve_result_bounds[refs3-False] PASSED [ 80%]
infrastructure/scripts/tests/test_migrate.py::test_postgres_corrected_expressions_preserve_result_bounds[refs4-False] PASSED [ 81%]
infrastructure/scripts/tests/test_migrate.py::test_postgres_later_sql_failure_rolls_back_and_backup_restores PASSED [ 82%]
infrastructure/scripts/tests/test_migrate.py::test_postgres_deferred_commit_failure_rolls_back_without_success_log PASSED [ 83%]
infrastructure/scripts/tests/test_migrate.py::test_postgres_two_empty_installers_serialize_before_bookkeeping PASSED [ 84%]
infrastructure/scripts/tests/test_migrate.py::test_postgres_tampered_source_fails_before_touching_old_history PASSED [ 85%]
infrastructure/scripts/tests/test_migrate.py::test_postgres_cli_reports_only_committed_success PASSED [ 86%]
infrastructure/scripts/tests/test_migrate.py::test_postgres_interrupted_backend_leaves_no_partial_migration PASSED [ 87%]
infrastructure/scripts/tests/test_migrate.py::test_postgres_historical0004_gets_recorded_additive_guard[pre0005] PASSED [ 87%]
infrastructure/scripts/tests/test_migrate.py::test_postgres_historical0004_gets_recorded_additive_guard[old0005] PASSED [ 88%]
infrastructure/scripts/tests/test_migrate.py::test_postgres_historical0004_gets_recorded_additive_guard[current0005] PASSED [ 89%]
infrastructure/scripts/tests/test_migrate.py::test_postgres_historical0004_gets_recorded_additive_guard[old0005-and0006] PASSED [ 90%]
infrastructure/scripts/tests/test_migrate.py::test_postgres_historical0004_invalid_operations_block_repair[False] PASSED [ 91%]
infrastructure/scripts/tests/test_migrate.py::test_postgres_historical0004_invalid_operations_block_repair[True] PASSED [ 92%]
infrastructure/scripts/tests/test_migrate.py::test_postgres_historical0004_repair_rolls_back_with_failed0005 PASSED [ 93%]
infrastructure/scripts/tests/test_migrate.py::test_postgres_historical0004_repair_drift_fails_without_repairing_history[checksum] PASSED [ 94%]
infrastructure/scripts/tests/test_migrate.py::test_postgres_historical0004_repair_drift_fails_without_repairing_history[unknown-repair] PASSED [ 95%]
infrastructure/scripts/tests/test_migrate.py::test_postgres_historical0004_repair_drift_fails_without_repairing_history[missing-constraint] PASSED [ 96%]
infrastructure/scripts/tests/test_migrate.py::test_postgres_historical0004_repair_drift_fails_without_repairing_history[weakened-constraint] PASSED [ 97%]
infrastructure/scripts/tests/test_migrate.py::test_postgres_historical0004_repair_drift_fails_without_repairing_history[unvalidated-constraint] PASSED [ 98%]
infrastructure/scripts/tests/test_migrate.py::test_postgres_historical0004_repair_drift_fails_without_repairing_history[source-history] PASSED [ 99%]
infrastructure/scripts/tests/test_migrate.py::test_postgres_admin_mutation_outbox_projection_and_last_admin_serialization PASSED [100%]

=============================== warnings summary ===============================
infrastructure/scripts/tests/test_migrate.py::test_postgres_admin_mutation_outbox_projection_and_last_admin_serialization
  /tmp/rick-intelligence-api-test-env/lib/python3.12/site-packages/fastapi/testclient.py:1: StarletteDeprecationWarning: Using `httpx` with `starlette.testclient` is deprecated; install `httpx2` instead.
    from starlette.testclient import TestClient as TestClient  # noqa

infrastructure/scripts/tests/test_migrate.py::test_postgres_admin_mutation_outbox_projection_and_last_admin_serialization
  /tmp/rick-intelligence-api-test-env/lib/python3.12/site-packages/starlette/testclient.py:53: DeprecationWarning: The anyio.abc.BlockingPortal alias is deprecated, use anyio.from_thread.BlockingPortal instead.
    _PortalFactoryType = Callable[[], AbstractContextManager[anyio.abc.BlockingPortal]]

-- Docs: https://docs.pytest.org/en/stable/how-to/capture-warnings.html
======================= 108 passed, 2 warnings in 43.89s =======================
