........................................................................ [  9%]
........................................................................ [ 19%]
........................................................................ [ 29%]
........................................................................ [ 38%]
........................................................................ [ 48%]
........................................................................ [ 58%]
........................................................................ [ 67%]
........................................................................ [ 77%]
........................................................................ [ 87%]
........................................................................ [ 96%]
.......................                                                  [100%]
=============================== warnings summary ===============================
apps/api/.venv/lib/python3.12/site-packages/fastapi/testclient.py:1
  /home/ricardo/rick-intelligence/apps/api/.venv/lib/python3.12/site-packages/fastapi/testclient.py:1: StarletteDeprecationWarning: Using `httpx` with `starlette.testclient` is deprecated; install `httpx2` instead.
    from starlette.testclient import TestClient as TestClient  # noqa

apps/api/.venv/lib/python3.12/site-packages/starlette/testclient.py:53
  /home/ricardo/rick-intelligence/apps/api/.venv/lib/python3.12/site-packages/starlette/testclient.py:53: DeprecationWarning: The anyio.abc.BlockingPortal alias is deprecated, use anyio.from_thread.BlockingPortal instead.
    _PortalFactoryType = Callable[[], AbstractContextManager[anyio.abc.BlockingPortal]]

-- Docs: https://docs.pytest.org/en/stable/how-to/capture-warnings.html
743 passed, 2 warnings in 38.94s
