Read-only migration inventory — 2026-09-25T15:17:41Z
No database connection was opened.
$ git log -n 3 --oneline --all -- infrastructure/migrations/0005_rewrite_legacy_jobs.sql
1c6fe4d feat(worker): compose canonical durable runtime
exit_status=0
$ git rev-parse HEAD
b52f32c141916a2ea3af1a6b913bd91f380606e0
exit_status=0
$ git status --short -- infrastructure/migrations/0005_rewrite_legacy_jobs.sql
 M infrastructure/migrations/0005_rewrite_legacy_jobs.sql
exit_status=0
$ python3 infrastructure/scripts/migrate.py infrastructure/migrations --check
0001 0001_control_plane.sql sha256:07113ff4a5e00e9986b1584864eb097e67a6daa66285895b9d6993f6bf116195
0002 0002_product_schema.sql sha256:0bd4a31e3a821de3efcdaad621674aafc9215b0acb84a55fb681fc9fd6054312
0003 0003_product_contract_extensions.sql sha256:d6d6413a45f93a5a65146d20221721bc60d5131f86ec29c0fd848cac351ae14a
0004 0004_durable_jobs_contract.sql sha256:0621c726c6eaae17fba0a72a209452964eb6320c38f2ebc60966b1d562731274
0005 0005_rewrite_legacy_jobs.sql sha256:58878320223f9f30d42aea840c7e58795eb5c448daf90a0877adedc781cc9774
0006 0006_document_lineage_contract.sql sha256:2d35f6e5a784258150baf68c0e88cbdb1f7b733034af662d694a45956eb8ffdd
0007 0007_admin_audit_reconciliation.sql sha256:4af11b3250c3b5f3d2ea1e3a1042883ccf3cb703370daa6011cd4c2c748ae6e2
repair 0004_operation_guard.sql.inc sha256:9691a200e4746e0cc69b035c7a81ac1ede8cab3053ab24b354294d9725afa1e2
migration checksums: PASS (7 file(s)); execution: NOT_RUN
exit_status=0
$ rg -n ^def test_postgres_(already_applied_old0005_retains_its_real_checksum|pre0005_preserves_data_attempts_projections_and_permissions|historical0004_gets_recorded_additive_guard|historical0004_repair_rolls_back_with_failed0005) infrastructure/scripts/tests/test_migrate.py
534:def test_postgres_pre0005_preserves_data_attempts_projections_and_permissions(postgres_db):
579:def test_postgres_already_applied_old0005_retains_its_real_checksum(postgres_db, canonical_rows, capsys):
925:def test_postgres_historical0004_gets_recorded_additive_guard(postgres_db, state):
964:def test_postgres_historical0004_repair_rolls_back_with_failed0005(postgres_db):
exit_status=0
historical_0005_git_blob_sha256=d577b70fb1af2790851c0f42d50d2269e80da412405cff2dfde53d63bb873a03
HEAD_0005_git_blob_sha256=d577b70fb1af2790851c0f42d50d2269e80da412405cff2dfde53d63bb873a03
worktree_0005_sha256=58878320223f9f30d42aea840c7e58795eb5c448daf90a0877adedc781cc9774
