/home/ricardo/rick-intelligence/.runtime/venvs/cvg/lib/python3.12/site-packages/fastapi/testclient.py:1: StarletteDeprecationWarning: Using `httpx` with `starlette.testclient` is deprecated; install `httpx2` instead.
  from starlette.testclient import TestClient as TestClient  # noqa
{
  "finding": "A02",
  "search_before": [
    200,
    1
  ],
  "archive": [
    200,
    "archived"
  ],
  "search_after_scoped": [
    200,
    0
  ],
  "search_after_global": [
    200,
    0
  ],
  "still_searchable_after_archive": false
}
